{
    "user_name": "matsushin",
    "passward": "test"
}