{
  "user_name": "matsushin",
  "password": "test"
}